
                             E:E11 PI: PART-1-  S:S11 PI: PART-1-
                  X             1 E: 1 IP: 1       1 E: 1 IP: 1  

                0.                 0.                 0.         
               10.E-03           384.615E-06         66.6855     
               20.E-03           769.231E-06        133.371      
               30.E-03             1.15385E-03      200.056      
               40.E-03             1.53846E-03      266.742      
               50.E-03             1.92308E-03      333.427      
               60.E-03             2.30769E-03      400.113      
               70.E-03             2.69231E-03      466.798      
               80.E-03             3.07692E-03      533.484      
               90.E-03             3.46154E-03      600.169      
              100.E-03             3.84615E-03      666.855      
              110.E-03             4.23077E-03      733.54       
              120.E-03             4.61538E-03      800.204      
              130.E-03             5.E-03           862.714      




